\BOOKMARK [0][-]{chapter.1}{\376\377\000V\000e\000r\000,\000\040\000p\000e\000r\000g\000u\000n\000t\000a\000r\000\040\000e\000\040\000d\000e\000c\000i\000d\000i\000r\000:\000\040\000d\000a\000t\000a\000v\000i\000z\000\040\000c\000o\000m\000\040\000I\000A}{}% 1
\BOOKMARK [1][-]{section.1.1}{\376\377\000C\000o\000m\000o\000\040\000u\000s\000a\000r\000\040\000e\000s\000t\000e\000\040\000l\000i\000v\000r\000o\000-\000a\000u\000l\000a}{chapter.1}% 2
\BOOKMARK [1][-]{section.1.2}{\376\377\000E\000x\000p\000l\000o\000r\000a\000t\000\363\000r\000i\000a\000\040\000e\000\040\000e\000x\000p\000l\000a\000n\000a\000t\000i\000v\000a\000\040\000s\000\343\000o\000\040\000m\000o\000m\000e\000n\000t\000o\000s\000\040\000d\000i\000f\000e\000r\000e\000n\000t\000e\000s}{chapter.1}% 3
\BOOKMARK [1][-]{section.1.3}{\376\377\000O\000\040\000a\000r\000t\000i\000g\000o\000\040\000q\000u\000e\000\040\000a\000b\000r\000e\000\040\000o\000\040\000s\000e\000m\000e\000s\000t\000r\000e}{chapter.1}% 4
\BOOKMARK [1][-]{section.1.4}{\376\377\000A\000\040\000c\000a\000d\000e\000i\000a\000\040\000p\000e\000r\000g\000u\000n\000t\000a\040\023\000d\000a\000d\000o\040\023\000v\000i\000s\000u\000a\000l\040\023\000d\000e\000c\000i\000s\000\343\000o}{chapter.1}% 5
\BOOKMARK [1][-]{section.1.5}{\376\377\000P\000e\000r\000c\000e\000p\000\347\000\343\000o\000\040\000a\000n\000t\000e\000s\000\040\000d\000e\000\040\000d\000e\000c\000o\000r\000a\000\347\000\343\000o}{chapter.1}% 6
\BOOKMARK [1][-]{section.1.6}{\376\377\000O\000\040\000p\000a\000p\000e\000l\000\040\000d\000a\000\040\000I\000A\000\040\000n\000o\000\040\000f\000l\000u\000x\000o\000\040\000a\000n\000a\000l\000\355\000t\000i\000c\000o}{chapter.1}% 7
\BOOKMARK [1][-]{section.1.7}{\376\377\000F\000e\000r\000r\000a\000m\000e\000n\000t\000a\000s\000\040\000s\000\343\000o\000\040\000e\000s\000c\000o\000l\000h\000a\000s\000,\000\040\000n\000\343\000o\000\040\000i\000d\000e\000n\000t\000i\000d\000a\000d\000e}{chapter.1}% 8
\BOOKMARK [1][-]{section.1.8}{\376\377\000A\000v\000a\000l\000i\000a\000\347\000\343\000o\000\040\000e\000\040\000c\000a\000d\000e\000r\000n\000o\000s}{chapter.1}% 9
\BOOKMARK [1][-]{section.1.9}{\376\377\000N\000o\000s\000s\000o\000\040\000c\000o\000n\000t\000r\000a\000t\000o\000\040\000d\000e\000\040\000e\000n\000c\000o\000n\000t\000r\000o}{chapter.1}% 10
\BOOKMARK [1][-]{section.1.10}{\376\377\000R\000o\000t\000e\000i\000r\000o\000\040\000d\000e\000\040\000t\000r\000\352\000s\000\040\000h\000o\000r\000a\000s}{chapter.1}% 11
\BOOKMARK [1][-]{section.1.11}{\376\377\000F\000e\000c\000h\000a\000m\000e\000n\000t\000o}{chapter.1}% 12
\BOOKMARK [0][-]{chapter*.2}{\376\377\000A\000p\000\352\000n\000d\000i\000c\000e\000\040\040\024\000\040\000a\000r\000t\000i\000g\000o\000\040\000c\000o\000m\000p\000l\000e\000t\000o}{}% 13
\BOOKMARK [0][-]{chapter*.3}{\376\377\000A\000p\000\352\000n\000d\000i\000c\000e\000\040\040\024\000\040\000a\000r\000t\000i\000g\000o\000\040\000s\000o\000b\000r\000e\000\040\000a\000n\000a\000l\000y\000t\000i\000c\000s\000\040\000a\000g\000e\000n\000t\000i\000c\000\040\000g\000o\000v\000e\000r\000n\000a\000d\000o}{}% 14
\BOOKMARK [0][-]{chapter.2}{\376\377\000A\000n\000t\000e\000s\000\040\000d\000a\000\040\000m\000\351\000d\000i\000a\000:\000\040\000q\000u\000e\000\040\000d\000a\000d\000o\000\040\000r\000e\000p\000r\000e\000s\000e\000n\000t\000a\000\040\000o\000\040\000p\000r\000o\000b\000l\000e\000m\000a\000?}{}% 15
\BOOKMARK [1][-]{section.2.1}{\376\377\000A\000\040\000p\000e\000r\000g\000u\000n\000t\000a\000\040\000v\000e\000m\000\040\000a\000n\000t\000e\000s\000\040\000d\000a\000\040\000p\000l\000a\000n\000i\000l\000h\000a}{chapter.2}% 16
\BOOKMARK [1][-]{section.2.2}{\376\377\000P\000o\000p\000u\000l\000a\000\347\000\343\000o\000,\000\040\000a\000m\000o\000s\000t\000r\000a\000\040\000e\000\040\000u\000n\000i\000d\000a\000d\000e\000\040\000d\000e\000\040\000a\000n\000\341\000l\000i\000s\000e}{chapter.2}% 17
\BOOKMARK [1][-]{section.2.3}{\376\377\000V\000a\000r\000i\000\341\000v\000e\000i\000s\000,\000\040\000t\000i\000p\000o\000s\000\040\000e\000\040\000e\000s\000c\000a\000l\000a\000s\000\040\000d\000e\000\040\000m\000e\000d\000i\000d\000a}{chapter.2}% 18
\BOOKMARK [1][-]{section.2.4}{\376\377\000G\000r\000a\000n\000u\000l\000a\000r\000i\000d\000a\000d\000e\000,\000\040\000c\000h\000a\000v\000e\000s\000\040\000e\000\040\000a\000g\000r\000e\000g\000a\000\347\000\365\000e\000s}{chapter.2}% 19
\BOOKMARK [1][-]{section.2.5}{\376\377\000Q\000u\000a\000l\000i\000d\000a\000d\000e\000\040\000\351\000\040\000a\000d\000e\000q\000u\000a\000\347\000\343\000o\000\040\000a\000o\000\040\000u\000s\000o}{chapter.2}% 20
\BOOKMARK [1][-]{section.2.6}{\376\377\000O\000\040\000d\000i\000c\000i\000o\000n\000\341\000r\000i\000o\000\040\000d\000e\000\040\000d\000a\000d\000o\000s\000\040\000c\000o\000m\000o\000\040\000c\000o\000n\000t\000r\000a\000t\000o\000\040\000d\000e\000\040\000l\000e\000i\000t\000u\000r\000a}{chapter.2}% 21
\BOOKMARK [1][-]{section.2.7}{\376\377\000E\000r\000r\000o\000s\000\040\000p\000l\000a\000u\000s\000\355\000v\000e\000i\000s\000\040\000e\000\040\000c\000o\000m\000o\000\040\000d\000i\000a\000g\000n\000o\000s\000t\000i\000c\000\341\000-\000l\000o\000s}{chapter.2}% 22
\BOOKMARK [1][-]{section.2.8}{\376\377\000U\000m\000\040\000c\000a\000s\000o\000\040\000c\000o\000m\000p\000l\000e\000t\000o\000,\000\040\000d\000a\000\040\000l\000i\000n\000h\000a\000\040\000a\000o\000\040\000i\000n\000d\000i\000c\000a\000d\000o\000r}{chapter.2}% 23
\BOOKMARK [1][-]{section.2.9}{\376\377\000C\000o\000n\000f\000e\000r\000\352\000n\000c\000i\000a\000\040\000e\000m\000\040\000c\000\363\000d\000i\000g\000o\000\040\000s\000e\000m\000\040\000t\000e\000r\000c\000e\000i\000r\000i\000z\000a\000r\000\040\000o\000\040\000r\000a\000c\000i\000o\000c\000\355\000n\000i\000o}{chapter.2}% 24
\BOOKMARK [1][-]{section.2.10}{\376\377\000S\000\355\000n\000t\000e\000s\000e\000\040\000d\000o\000\040\000e\000n\000c\000o\000n\000t\000r\000o\000\040\000e\000\040\000p\000o\000n\000t\000e\000\040\000p\000a\000r\000a\000\040\000a\000\040\000e\000s\000t\000a\000t\000\355\000s\000t\000i\000c\000a}{chapter.2}% 25
\BOOKMARK [0][-]{chapter.3}{\376\377\000C\000e\000n\000t\000r\000o\000\040\000n\000\343\000o\000\040\000\351\000\040\000h\000i\000s\000t\000\363\000r\000i\000a\000\040\000c\000o\000m\000p\000l\000e\000t\000a}{}% 26
\BOOKMARK [1][-]{section.3.1}{\376\377\000C\000o\000n\000t\000a\000r\000\040\000a\000n\000t\000e\000s\000\040\000d\000e\000\040\000r\000e\000s\000u\000m\000i\000r}{chapter.3}% 27
\BOOKMARK [1][-]{section.3.2}{\376\377\000F\000r\000e\000q\000u\000\352\000n\000c\000i\000a\000s\000\040\000t\000r\000a\000n\000s\000f\000o\000r\000m\000a\000m\000\040\000v\000a\000l\000o\000r\000e\000s\000\040\000e\000m\000\040\000d\000i\000s\000t\000r\000i\000b\000u\000i\000\347\000\343\000o}{chapter.3}% 28
\BOOKMARK [1][-]{section.3.3}{\376\377\000M\000\351\000d\000i\000a\000\040\000a\000r\000i\000t\000m\000\351\000t\000i\000c\000a\000:\000\040\000e\000q\000u\000i\000l\000\355\000b\000r\000i\000o\000,\000\040\000p\000e\000s\000o\000\040\000e\000\040\000s\000e\000n\000s\000i\000b\000i\000l\000i\000d\000a\000d\000e}{chapter.3}% 29
\BOOKMARK [1][-]{section.3.4}{\376\377\000M\000e\000d\000i\000a\000n\000a\000\040\000e\000\040\000m\000o\000d\000a\000:\000\040\000p\000o\000s\000i\000\347\000\343\000o\000\040\000e\000\040\000r\000e\000p\000e\000t\000i\000\347\000\343\000o}{chapter.3}% 30
\BOOKMARK [1][-]{section.3.5}{\376\377\000Q\000u\000a\000r\000t\000i\000s\000\040\000e\000\040\000p\000e\000r\000c\000e\000n\000t\000i\000s\000:\000\040\000l\000o\000c\000a\000l\000i\000z\000a\000r\000\040\000u\000m\000a\000\040\000o\000b\000s\000e\000r\000v\000a\000\347\000\343\000o}{chapter.3}% 31
\BOOKMARK [1][-]{section.3.6}{\376\377\000C\000a\000s\000o\000\040\000i\000n\000t\000e\000g\000r\000a\000d\000o\000:\000\040\000s\000a\000l\000\341\000r\000i\000o\000s\000,\000\040\000p\000e\000s\000o\000s\000\040\000e\000\040\000d\000e\000c\000i\000s\000\365\000e\000s}{chapter.3}% 32
\BOOKMARK [1][-]{section.3.7}{\376\377\000C\000o\000m\000p\000a\000r\000a\000r\000\040\000g\000r\000u\000p\000o\000s\000\040\000s\000e\000m\000\040\000s\000e\000r\000\040\000e\000n\000g\000a\000n\000a\000d\000o\000\040\000p\000e\000l\000o\000\040\000c\000e\000n\000t\000r\000o}{chapter.3}% 33
\BOOKMARK [1][-]{section.3.8}{\376\377\000C\000e\000n\000t\000r\000o\000s\000\040\000a\000o\000\040\000l\000o\000n\000g\000o\000\040\000d\000o\000\040\000t\000e\000m\000p\000o\000:\000\040\000t\000e\000n\000d\000\352\000n\000c\000i\000a\000\040\000n\000\343\000o\000\040\000\351\000\040\000f\000o\000t\000o\000g\000r\000a\000f\000i\000a}{chapter.3}% 34
\BOOKMARK [1][-]{section.3.9}{\376\377\000R\000e\000p\000r\000o\000d\000u\000z\000i\000r\000\040\000e\000m\000\040\000P\000y\000t\000h\000o\000n\000\040\000e\000\040\000c\000o\000n\000f\000e\000r\000i\000r\000\040\000o\000\040\000m\000\351\000t\000o\000d\000o}{chapter.3}% 35
\BOOKMARK [1][-]{section.3.10}{\376\377\000D\000o\000\040\000n\000\372\000m\000e\000r\000o\000\040\000a\000o\000\040\000t\000e\000x\000t\000o\000\040\000q\000u\000e\000\040\000a\000p\000o\000i\000a\000\040\000d\000e\000c\000i\000s\000\343\000o}{chapter.3}% 36
\BOOKMARK [1][-]{section.3.11}{\376\377\000I\000n\000t\000e\000r\000p\000r\000e\000t\000a\000\347\000\343\000o\000,\000\040\000l\000i\000m\000i\000t\000e\000s\000\040\000e\000\040\000r\000o\000t\000e\000i\000r\000o\000\040\000d\000a\000s\000\040\000t\000r\000\352\000s\000\040\000h\000o\000r\000a\000s}{chapter.3}% 37
\BOOKMARK [0][-]{chapter.4}{\376\377\000V\000a\000r\000i\000a\000b\000i\000l\000i\000d\000a\000d\000e\000,\000\040\000d\000i\000s\000t\000r\000i\000b\000u\000i\000\347\000\343\000o\000\040\000e\000\040\000i\000n\000c\000e\000r\000t\000e\000z\000a}{}% 38
\BOOKMARK [1][-]{section.4.1}{\376\377\000U\000m\000a\000\040\000m\000e\000s\000m\000a\000\040\000m\000\351\000d\000i\000a\000,\000\040\000o\000p\000e\000r\000a\000\347\000\365\000e\000s\000\040\000m\000u\000i\000t\000o\000\040\000d\000i\000f\000e\000r\000e\000n\000t\000e\000s}{chapter.4}% 39
\BOOKMARK [1][-]{section.4.2}{\376\377\000A\000m\000p\000l\000i\000t\000u\000d\000e\000:\000\040\000u\000m\000\040\000a\000l\000a\000r\000m\000e\000\040\000r\000\341\000p\000i\000d\000o\000\040\000q\000u\000e\000\040\000o\000l\000h\000a\000\040\000a\000p\000e\000n\000a\000s\000\040\000a\000s\000\040\000p\000o\000n\000t\000a\000s}{chapter.4}% 40
\BOOKMARK [1][-]{section.4.3}{\376\377\000D\000o\000\040\000d\000e\000s\000v\000i\000o\000\040\000\340\000\040\000v\000a\000r\000i\000\342\000n\000c\000i\000a\000:\000\040\000a\000\040\000c\000o\000n\000t\000a\000\040\000i\000n\000t\000e\000i\000r\000a\000\040\000\340\000\040\000m\000\343\000o}{chapter.4}% 41
\BOOKMARK [1][-]{section.4.4}{\376\377\000D\000e\000s\000v\000i\000o\000-\000p\000a\000d\000r\000\343\000o\000\040\000e\000\040\000I\000Q\000R\000\040\000p\000a\000r\000a\000\040\000p\000r\000e\000v\000i\000s\000i\000b\000i\000l\000i\000d\000a\000d\000e}{chapter.4}% 42
\BOOKMARK [1][-]{section.4.5}{\376\377\000D\000i\000s\000t\000r\000i\000b\000u\000i\000\347\000\343\000o\000:\000\040\000f\000o\000r\000m\000a\000,\000\040\000c\000a\000u\000d\000a\000,\000\040\000a\000s\000s\000i\000m\000e\000t\000r\000i\000a\000\040\000e\000\040\000m\000i\000s\000t\000u\000r\000a}{chapter.4}% 43
\BOOKMARK [1][-]{section.4.6}{\376\377\000A\000u\000s\000\352\000n\000c\000i\000a\000\040\000\351\000\040\000d\000a\000d\000o\000\040\000s\000o\000b\000r\000e\000\040\000o\000\040\000p\000r\000o\000c\000e\000s\000s\000o\000\040\000d\000e\000\040\000g\000e\000r\000a\000\347\000\343\000o}{chapter.4}% 44
\BOOKMARK [1][-]{section.4.7}{\376\377\000O\000u\000t\000l\000i\000e\000r\000\040\000\351\000\040\000u\000m\000a\000\040\000p\000e\000r\000g\000u\000n\000t\000a\000,\000\040\000n\000\343\000o\000\040\000u\000m\000a\000\040\000o\000r\000d\000e\000m\000\040\000d\000e\000\040\000e\000x\000c\000l\000u\000s\000\343\000o}{chapter.4}% 45
\BOOKMARK [1][-]{section.4.8}{\376\377\000C\000\363\000d\000i\000g\000o\000\040\000c\000o\000m\000o\000\040\000v\000e\000r\000i\000f\000i\000c\000a\000\347\000\343\000o}{chapter.4}% 46
\BOOKMARK [1][-]{section.4.9}{\376\377\000C\000a\000s\000o\000\040\000i\000n\000t\000e\000g\000r\000a\000d\000o\000:\000\040\000r\000e\000l\000a\000t\000\363\000r\000i\000o\000\040\000j\000u\000s\000t\000i\000f\000i\000c\000\341\000v\000e\000l}{chapter.4}% 47
\BOOKMARK [1][-]{section.4.10}{\376\377\000F\000e\000c\000h\000a\000m\000e\000n\000t\000o\000:\000\040\000u\000m\000\040\000p\000r\000o\000t\000o\000c\000o\000l\000o\000\040\000p\000a\000r\000a\000\040\000n\000\343\000o\000\040\000e\000s\000c\000o\000n\000d\000e\000r\000\040\000a\000\040\000i\000n\000c\000e\000r\000t\000e\000z\000a}{chapter.4}% 48
\BOOKMARK [0][-]{chapter.5}{\376\377\000D\000a\000\040\000f\000o\000n\000t\000e\000\040\000a\000o\000\040\000v\000i\000s\000u\000a\000l}{}% 49
\BOOKMARK [1][-]{section.5.1}{\376\377\000A\000\040\000p\000e\000r\000g\000u\000n\000t\000a\000\040\000v\000e\000m\000\040\000a\000n\000t\000e\000s\000\040\000d\000a\000\040\000f\000o\000n\000t\000e}{chapter.5}% 50
\BOOKMARK [1][-]{section.5.2}{\376\377\000S\000i\000s\000t\000e\000m\000a\000s\000\040\000f\000o\000n\000t\000e\000\040\000e\000\040\000i\000n\000g\000e\000s\000t\000\343\000o\000\040\000p\000r\000e\000s\000e\000r\000v\000\341\000v\000e\000l}{chapter.5}% 51
\BOOKMARK [1][-]{section.5.3}{\376\377\000S\000O\000R\000,\000\040\000S\000O\000T\000\040\000e\000\040\000S\000P\000E\000C\000:\000\040\000r\000e\000s\000p\000o\000n\000s\000a\000b\000i\000l\000i\000d\000a\000d\000e\000s\000\040\000s\000e\000p\000a\000r\000a\000d\000a\000s}{chapter.5}% 52
\BOOKMARK [1][-]{section.5.4}{\376\377\000A\000r\000m\000a\000z\000e\000n\000a\000m\000e\000n\000t\000o\000\040\000\351\000\040\000c\000o\000n\000s\000e\000q\000u\000\352\000n\000c\000i\000a\000\040\000d\000o\000\040\000a\000c\000e\000s\000s\000o}{chapter.5}% 53
\BOOKMARK [1][-]{section.5.5}{\376\377\000G\000r\000\343\000o\000,\000\040\000c\000h\000a\000v\000e\000s\000\040\000e\000\040\000c\000a\000r\000d\000i\000n\000a\000l\000i\000d\000a\000d\000e\000\040\000a\000n\000t\000e\000s\000\040\000d\000o\000\040\000j\000o\000i\000n}{chapter.5}% 54
\BOOKMARK [1][-]{section.5.6}{\376\377\000M\000o\000d\000e\000l\000a\000g\000e\000m\000\040\000d\000i\000m\000e\000n\000s\000i\000o\000n\000a\000l\000\040\000p\000a\000r\000a\000\040\000e\000x\000p\000l\000o\000r\000a\000r\000\040\000s\000e\000m\000\040\000d\000u\000p\000l\000i\000c\000a\000r}{chapter.5}% 55
\BOOKMARK [1][-]{section.5.7}{\376\377\000S\000Q\000L\000\040\000e\000\040\000p\000a\000n\000d\000a\000s\000\040\000d\000e\000p\000o\000i\000s\000\040\000d\000o\000\040\000d\000e\000s\000e\000n\000h\000o}{chapter.5}% 56
\BOOKMARK [1][-]{section.5.8}{\376\377\000Q\000u\000a\000l\000i\000d\000a\000d\000e\000\040\000d\000i\000s\000t\000r\000i\000b\000u\000\355\000d\000a\000\040\000p\000o\000r\000\040\000c\000a\000m\000a\000d\000a}{chapter.5}% 57
\BOOKMARK [1][-]{section.5.9}{\376\377\000C\000a\000t\000\341\000l\000o\000g\000o\000,\000\040\000l\000i\000n\000h\000a\000g\000e\000m\000\040\000e\000\040\000c\000a\000m\000a\000d\000a\000\040\000s\000e\000m\000\342\000n\000t\000i\000c\000a}{chapter.5}% 58
\BOOKMARK [1][-]{section.5.10}{\376\377\000D\000o\000\040\000m\000o\000d\000e\000l\000o\000\040\000a\000o\000\040\000d\000a\000s\000h\000b\000o\000a\000r\000d\000\040\000c\000o\000m\000\040\000a\000c\000e\000s\000s\000o\000\040\000s\000e\000g\000u\000r\000o}{chapter.5}% 59
\BOOKMARK [1][-]{section.5.11}{\376\377\000F\000e\000c\000h\000a\000m\000e\000n\000t\000o\000:\000\040\000d\000a\000\040\000d\000i\000v\000e\000r\000g\000\352\000n\000c\000i\000a\000\040\000\340\000\040\000c\000o\000n\000t\000e\000s\000t\000a\000\347\000\343\000o}{chapter.5}% 60
\BOOKMARK [0][-]{chapter.6}{\376\377\000G\000r\000\341\000f\000i\000c\000o\000s\000,\000\040\000e\000s\000c\000a\000l\000a\000s\000\040\000e\000\040\000p\000e\000r\000c\000e\000p\000\347\000\343\000o}{}% 61
\BOOKMARK [1][-]{section.6.1}{\376\377\000O\000\040\000m\000e\000s\000m\000o\000\040\000r\000e\000s\000u\000l\000t\000a\000d\000o\000,\000\040\000d\000u\000a\000s\000\040\000h\000i\000s\000t\000\363\000r\000i\000a\000s\000\040\000v\000i\000s\000u\000a\000i\000s}{chapter.6}% 62
\BOOKMARK [1][-]{section.6.2}{\376\377\000C\000o\000m\000p\000a\000r\000a\000\347\000\343\000o\000:\000\040\000p\000o\000s\000i\000\347\000\343\000o\000\040\000e\000\040\000c\000o\000m\000p\000r\000i\000m\000e\000n\000t\000o\000\040\000a\000n\000t\000e\000s\000\040\000d\000o\000\040\000e\000n\000f\000e\000i\000t\000e}{chapter.6}% 63
\BOOKMARK [1][-]{section.6.3}{\376\377\000T\000e\000n\000d\000\352\000n\000c\000i\000a\000:\000\040\000t\000e\000m\000p\000o\000,\000\040\000c\000o\000n\000t\000i\000n\000u\000i\000d\000a\000d\000e\000\040\000e\000\040\000c\000o\000n\000t\000e\000x\000t\000o}{chapter.6}% 64
\BOOKMARK [1][-]{section.6.4}{\376\377\000D\000i\000s\000t\000r\000i\000b\000u\000i\000\347\000\343\000o\000:\000\040\000e\000n\000x\000e\000r\000g\000a\000r\000\040\000o\000\040\000q\000u\000e\000\040\000a\000\040\000m\000\351\000d\000i\000a\000\040\000e\000s\000c\000o\000n\000d\000e}{chapter.6}% 65
\BOOKMARK [1][-]{section.6.5}{\376\377\000R\000e\000l\000a\000\347\000\343\000o\000:\000\040\000p\000a\000d\000r\000\365\000e\000s\000,\000\040\000g\000r\000u\000p\000o\000s\000\040\000e\000\040\000o\000\040\000l\000i\000m\000i\000t\000e\000\040\000d\000a\000\040\000c\000a\000u\000s\000a\000l\000i\000d\000a\000d\000e}{chapter.6}% 66
\BOOKMARK [1][-]{section.6.6}{\376\377\000C\000o\000m\000p\000o\000s\000i\000\347\000\343\000o\000:\000\040\000p\000a\000r\000t\000e\000s\000,\000\040\000t\000o\000t\000a\000i\000s\000\040\000e\000\040\000d\000e\000n\000o\000m\000i\000n\000a\000d\000o\000r\000e\000s}{chapter.6}% 67
\BOOKMARK [1][-]{section.6.7}{\376\377\000E\000s\000c\000a\000l\000a\000s\000,\000\040\000e\000i\000x\000o\000s\000\040\000e\000\040\000n\000o\000r\000m\000a\000l\000i\000z\000a\000\347\000\343\000o}{chapter.6}% 68
\BOOKMARK [1][-]{section.6.8}{\376\377\000C\000o\000r\000,\000\040\000c\000o\000n\000t\000r\000a\000s\000t\000e\000\040\000e\000\040\000a\000c\000e\000s\000s\000i\000b\000i\000l\000i\000d\000a\000d\000e}{chapter.6}% 69
\BOOKMARK [1][-]{section.6.9}{\376\377\000M\000\372\000l\000t\000i\000p\000l\000o\000s\000\040\000p\000a\000i\000n\000\351\000i\000s\000,\000\040\000f\000a\000c\000e\000t\000a\000s\000\040\000e\000\040\000c\000o\000m\000p\000a\000r\000a\000\347\000\365\000e\000s\000\040\000j\000u\000s\000t\000a\000s}{chapter.6}% 70
\BOOKMARK [1][-]{section.6.10}{\376\377\000I\000n\000c\000e\000r\000t\000e\000z\000a\000:\000\040\000n\000\343\000o\000\040\000d\000e\000s\000e\000n\000h\000a\000r\000\040\000e\000s\000t\000i\000m\000a\000t\000i\000v\000a\000s\000\040\000c\000o\000m\000o\000\040\000c\000e\000r\000t\000e\000z\000a\000s}{chapter.6}% 71
\BOOKMARK [1][-]{section.6.11}{\376\377\000R\000e\000d\000e\000s\000e\000n\000h\000o\000\040\000g\000u\000i\000a\000d\000o\000\040\000e\000\040\000i\000m\000p\000l\000e\000m\000e\000n\000t\000a\000\347\000\343\000o\000\040\000r\000e\000p\000r\000o\000d\000u\000t\000\355\000v\000e\000l}{chapter.6}% 72
\BOOKMARK [1][-]{section.6.12}{\376\377\000R\000o\000t\000e\000i\000r\000o\000\040\000d\000e\000\040\000d\000e\000c\000i\000s\000\343\000o\000\040\000e\000\040\000f\000e\000c\000h\000a\000m\000e\000n\000t\000o}{chapter.6}% 73
\BOOKMARK [0][-]{chapter.7}{\376\377\000C\000o\000r\000,\000\040\000a\000c\000e\000s\000s\000i\000b\000i\000l\000i\000d\000a\000d\000e\000\040\000e\000\040\000l\000a\000y\000o\000u\000t}{}% 74
\BOOKMARK [1][-]{section.7.1}{\376\377\000O\000\040\000a\000l\000e\000r\000t\000a\000\040\000e\000s\000t\000a\000v\000a\000\040\000n\000o\000\040\000p\000a\000i\000n\000e\000l\000,\000\040\000m\000a\000s\000\040\000n\000i\000n\000g\000u\000\351\000m\000\040\000o\000\040\000v\000i\000u}{chapter.7}% 75
\BOOKMARK [1][-]{section.7.2}{\376\377\000C\000o\000r\000\040\000\351\000\040\000u\000m\000\040\000c\000a\000n\000a\000l\000\040\000d\000e\000\040\000d\000a\000d\000o\000s\000,\000\040\000n\000\343\000o\000\040\000u\000m\000a\000\040\000c\000a\000m\000a\000d\000a\000\040\000d\000e\000\040\000m\000a\000q\000u\000i\000a\000g\000e\000m}{chapter.7}% 76
\BOOKMARK [1][-]{section.7.3}{\376\377\000C\000o\000n\000t\000r\000a\000s\000t\000e\000\040\000e\000\040\000a\000c\000e\000s\000s\000i\000b\000i\000l\000i\000d\000a\000d\000e\000\040\000s\000\343\000o\000\040\000r\000e\000q\000u\000i\000s\000i\000t\000o\000s\000\040\000d\000e\000\040\000q\000u\000a\000l\000i\000d\000a\000d\000e}{chapter.7}% 77
\BOOKMARK [1][-]{section.7.4}{\376\377\000G\000e\000s\000t\000a\000l\000t\000:\000\040\000c\000o\000m\000o\000\040\000o\000\040\000l\000e\000i\000t\000o\000r\000\040\000t\000r\000a\000n\000s\000f\000o\000r\000m\000a\000\040\000o\000b\000j\000e\000t\000o\000s\000\040\000e\000m\000\040\000e\000s\000t\000r\000u\000t\000u\000r\000a}{chapter.7}% 78
\BOOKMARK [1][-]{section.7.5}{\376\377\000H\000i\000e\000r\000a\000r\000q\000u\000i\000a\000\040\000v\000i\000s\000u\000a\000l\000:\000\040\000d\000e\000c\000i\000d\000i\000r\000\040\000o\000\040\000q\000u\000e\000\040\000s\000e\000r\000\341\000\040\000p\000e\000r\000c\000e\000b\000i\000d\000o\000\040\000p\000r\000i\000m\000e\000i\000r\000o}{chapter.7}% 79
\BOOKMARK [1][-]{section.7.6}{\376\377\000C\000a\000r\000g\000a\000\040\000c\000o\000g\000n\000i\000t\000i\000v\000a\000\040\000e\000\040\000c\000o\000n\000t\000e\000x\000t\000o}{chapter.7}% 80
\BOOKMARK [1][-]{section.7.7}{\376\377\000G\000r\000i\000d\000,\000\040\000z\000o\000n\000a\000s\000\040\000e\000\040\000d\000i\000s\000t\000r\000i\000b\000u\000i\000\347\000\343\000o\000\040\000d\000e\000\040\000u\000m\000\040\000d\000a\000s\000h\000b\000o\000a\000r\000d\000\040\000d\000e\000c\000i\000s\000\363\000r\000i\000o}{chapter.7}% 81
\BOOKMARK [1][-]{section.7.8}{\376\377\000I\000n\000t\000e\000r\000a\000\347\000\343\000o\000:\000\040\000c\000a\000d\000a\000\040\000c\000l\000i\000q\000u\000e\000\040\000m\000u\000d\000a\000\040\000o\000\040\000a\000r\000g\000u\000m\000e\000n\000t\000o}{chapter.7}% 82
\BOOKMARK [1][-]{section.7.9}{\376\377\000R\000e\000d\000e\000s\000e\000n\000h\000o\000\040\000g\000u\000i\000a\000d\000o}{chapter.7}% 83
\BOOKMARK [1][-]{section.7.10}{\376\377\000T\000e\000s\000t\000e\000s\000\040\000d\000e\000\040\000r\000e\000l\000a\000n\000c\000e\000\040\000e\000\040\000a\000u\000d\000i\000t\000o\000r\000i\000a}{chapter.7}% 84
\BOOKMARK [1][-]{section.7.11}{\376\377\000S\000\355\000n\000t\000e\000s\000e\000\040\000d\000o\000\040\000e\000n\000c\000o\000n\000t\000r\000o\000\040\000e\000\040\000p\000o\000n\000t\000e\000\040\000p\000a\000r\000a\000\040\000a\000\040\000n\000a\000r\000r\000a\000t\000i\000v\000a}{chapter.7}% 85
\BOOKMARK [0][-]{chapter.8}{\376\377\000D\000a\000\040\000e\000x\000p\000l\000o\000r\000a\000\347\000\343\000o\000\040\000\340\000\040\000h\000i\000s\000t\000\363\000r\000i\000a\000\040\000v\000e\000r\000i\000f\000i\000c\000\341\000v\000e\000l}{}% 86
\BOOKMARK [1][-]{section.8.1}{\376\377\000M\000u\000i\000t\000o\000s\000\040\000g\000r\000\341\000f\000i\000c\000o\000s\000\040\000c\000o\000r\000r\000e\000t\000o\000s\000\040\000e\000\040\000n\000e\000n\000h\000u\000m\000a\000\040\000d\000e\000c\000i\000s\000\343\000o}{chapter.8}% 87
\BOOKMARK [1][-]{section.8.2}{\376\377\000C\000o\000m\000e\000\347\000a\000r\000\040\000p\000e\000l\000o\000\040\000p\000\372\000b\000l\000i\000c\000o\000\040\000e\000\040\000p\000e\000l\000a\000\040\000d\000e\000c\000i\000s\000\343\000o}{chapter.8}% 88
\BOOKMARK [1][-]{section.8.3}{\376\377\000B\000i\000g\000\040\000I\000d\000e\000a\000:\000\040\000u\000m\000a\000\040\000f\000r\000a\000s\000e\000\040\000q\000u\000e\000\040\000p\000o\000d\000e\000\040\000s\000e\000r\000\040\000c\000o\000n\000t\000e\000s\000t\000a\000d\000a}{chapter.8}% 89
\BOOKMARK [1][-]{section.8.4}{\376\377\000P\000r\000o\000b\000l\000e\000m\000a\000,\000\040\000e\000v\000i\000d\000\352\000n\000c\000i\000a\000\040\000e\000\040\000d\000e\000c\000i\000s\000\343\000o\000\040\000f\000o\000r\000m\000a\000m\000\040\000u\000m\000a\000\040\000c\000a\000d\000e\000i\000a}{chapter.8}% 90
\BOOKMARK [1][-]{section.8.5}{\376\377\000A\000\040\000i\000n\000t\000e\000g\000r\000a\000\347\000\343\000o\000\040\000d\000a\000\040\000U\000n\000i\000d\000a\000d\000e\000\040\000I\000\040\000a\000p\000a\000r\000e\000c\000e\000\040\000d\000e\000n\000t\000r\000o\000\040\000d\000a\000\040\000h\000i\000s\000t\000\363\000r\000i\000a}{chapter.8}% 91
\BOOKMARK [1][-]{section.8.6}{\376\377\000S\000t\000o\000r\000y\000b\000o\000a\000r\000d\000:\000\040\000o\000r\000d\000e\000n\000a\000r\000\040\000a\000\040\000d\000e\000s\000c\000o\000b\000e\000r\000t\000a\000\040\000a\000n\000t\000e\000s\000\040\000d\000a\000\040\000f\000e\000r\000r\000a\000m\000e\000n\000t\000a}{chapter.8}% 92
\BOOKMARK [1][-]{section.8.7}{\376\377\000A\000n\000o\000t\000a\000\347\000\343\000o\000\040\000e\000\040\000o\000r\000d\000e\000m\000\040\000d\000e\000\040\000l\000e\000i\000t\000u\000r\000a\000\040\000r\000e\000d\000u\000z\000e\000m\000\040\000a\000m\000b\000i\000g\000u\000i\000d\000a\000d\000e}{chapter.8}% 93
\BOOKMARK [1][-]{section.8.8}{\376\377\000I\000n\000c\000e\000r\000t\000e\000z\000a\000,\000\040\000c\000a\000u\000s\000a\000l\000i\000d\000a\000d\000e\000\040\000e\000\040\000\351\000t\000i\000c\000a\000\040\000n\000a\000\040\000n\000a\000r\000r\000a\000t\000i\000v\000a}{chapter.8}% 94
\BOOKMARK [1][-]{section.8.9}{\376\377\000C\000a\000s\000o\000\040\000i\000n\000t\000e\000g\000r\000a\000d\000o\000:\000\040\000d\000a\000\040\000t\000a\000b\000e\000l\000a\000\040\000\340\000\040\000r\000e\000c\000o\000m\000e\000n\000d\000a\000\347\000\343\000o\000\040\000v\000e\000r\000i\000f\000i\000c\000\341\000v\000e\000l}{chapter.8}% 95
\BOOKMARK [1][-]{section.8.10}{\376\377\000L\000e\000i\000t\000u\000r\000a\000\040\000c\000r\000\355\000t\000i\000c\000a\000\040\000e\000m\000\040\000c\000o\000n\000t\000e\000x\000t\000o\000s\000\040\000d\000o\000\040\000E\000N\000A\000D\000E}{chapter.8}% 96
\BOOKMARK [1][-]{section.8.11}{\376\377\000F\000e\000c\000h\000a\000m\000e\000n\000t\000o\000\040\000d\000a\000\040\000U\000n\000i\000d\000a\000d\000e\000\040\000I\000\040\000e\000\040\000p\000o\000n\000t\000e\000\040\000p\000a\000r\000a\000\040\000a\000\040\000I\000A\000\040\000a\000p\000l\000i\000c\000a\000d\000a}{chapter.8}% 97
